===================================================
Cyber-Denoiser PRO VST3 Build Script (PowerShell)
===================================================

[OK] CMake is ready.
[OK] Visual Studio C++ Tools found at: C:\Program Files (x86)\Microsoft Visual Studio\2022\BuildTools

===================================================
Configuring the JUCE Project with CMake...
===================================================
-- Populating juce
-- Configuring done (0.0s)
-- Generating done (0.0s)
-- Build files have been written to: C:/Users/dan/.gemini/antigravity/scratch/CyberDenoiserPro/build/_deps/juce-subbuild
MSBuild version 17.14.40+3e7442088 for .NET Framework

  1>Checking Build System
  Performing update step for 'juce-populate'
  -- Already at requested tag: 8.0.0
  Building Custom Rule C:/Users/dan/.gemini/antigravity/scratch/CyberDenoiserPro/build/_deps/juce-subbuild/CMakeLists.txt
  No patch step for 'juce-populate'
  No configure step for 'juce-populate'
  No build step for 'juce-populate'
  No install step for 'juce-populate'
  No test step for 'juce-populate'
  Completed 'juce-populate'
  Building Custom Rule C:/Users/dan/.gemini/antigravity/scratch/CyberDenoiserPro/build/_deps/juce-subbuild/CMakeLists.txt
-- Configuring juceaide
-- Building juceaide
-- Exporting juceaide
-- Testing juceaide
-- Finished setting up juceaide
-- Configuring done (4.7s)
-- Generating done (0.2s)
-- Build files have been written to: C:/Users/dan/.gemini/antigravity/scratch/CyberDenoiserPro/build

===================================================
Compiling the VST3 Plugin...
===================================================
MSBuild version 17.14.40+3e7442088 for .NET Framework

  Checking File Globs
  1>Checking Build System
  Building Custom Rule C:/Users/dan/.gemini/antigravity/scratch/CyberDenoiserPro/CMakeLists.txt
  CyberDenoiserPro_rc_lib.vcxproj -> C:\Users\dan\.gemini\antigravity\scratch\CyberDenoiserPro\build\CyberDenoiserPro_rc_lib.dir\Release\CyberDenoiserPro_rc_lib.lib
  Generating CyberDenoiserPro_artefacts/JuceLibraryCode/JuceHeader.h
  Building Custom Rule C:/Users/dan/.gemini/antigravity/scratch/CyberDenoiserPro/CMakeLists.txt
  PluginProcessor.cpp
  PluginEditor.cpp
  juce_audio_processors.cpp
  juce_audio_processors_ara.cpp
  juce_audio_processors_lv2_libs.cpp
  juce_gui_extra.cpp
  juce_gui_basics.cpp
  juce_graphics.cpp
  juce_graphics_Harfbuzz.cpp
  juce_events.cpp
  juce_core.cpp
  juce_core_CompilationTime.cpp
  juce_data_structures.cpp
  juce_audio_basics.cpp
  juce_audio_utils.cpp
  juce_audio_formats.cpp
  juce_audio_devices.cpp
C:\Users\dan\.gemini\antigravity\scratch\CyberDenoiserPro\Source\PluginEditor.cpp(41,23): warning C4244: '=': conversion from 'float' to 'int', possible loss of data [C:\Users\dan\.gemini\antigravity\scratch\CyberDenoiserPro\build\CyberDenoiserPro.vcxproj]
C:\Users\dan\.gemini\antigravity\scratch\CyberDenoiserPro\Source\PluginEditor.cpp(44,15): warning C4244: '=': conversion from 'float' to 'int', possible loss of data [C:\Users\dan\.gemini\antigravity\scratch\CyberDenoiserPro\build\CyberDenoiserPro.vcxproj]
C:\Users\dan\.gemini\antigravity\scratch\CyberDenoiserPro\Source\PluginEditor.cpp(53,9): warning C4189: 'gfx_h': local variable is initialized but not referenced [C:\Users\dan\.gemini\antigravity\scratch\CyberDenoiserPro\build\CyberDenoiserPro.vcxproj]
C:\Users\dan\.gemini\antigravity\scratch\CyberDenoiserPro\Source\PluginEditor.cpp(188,84): warning C4244: 'argument': conversion from 'int' to 'float', possible loss of data [C:\Users\dan\.gemini\antigravity\scratch\CyberDenoiserPro\build\CyberDenoiserPro.vcxproj]
C:\Users\dan\.gemini\antigravity\scratch\CyberDenoiserPro\Source\PluginEditor.cpp(198,53): warning C4244: 'argument': conversion from 'float' to 'int', possible loss of data [C:\Users\dan\.gemini\antigravity\scratch\CyberDenoiserPro\build\CyberDenoiserPro.vcxproj]
C:\Users\dan\.gemini\antigravity\scratch\CyberDenoiserPro\Source\PluginEditor.cpp(198,45): warning C4244: 'argument': conversion from 'float' to 'int', possible loss of data [C:\Users\dan\.gemini\antigravity\scratch\CyberDenoiserPro\build\CyberDenoiserPro.vcxproj]
C:\Users\dan\.gemini\antigravity\scratch\CyberDenoiserPro\Source\PluginEditor.cpp(198,27): warning C4244: 'argument': conversion from 'float' to 'int', possible loss of data [C:\Users\dan\.gemini\antigravity\scratch\CyberDenoiserPro\build\CyberDenoiserPro.vcxproj]
C:\Users\dan\.gemini\antigravity\scratch\CyberDenoiserPro\Source\PluginEditor.cpp(203,18): warning C4244: 'argument': conversion from 'int' to 'float', possible loss of data [C:\Users\dan\.gemini\antigravity\scratch\CyberDenoiserPro\build\CyberDenoiserPro.vcxproj]
C:\Users\dan\.gemini\antigravity\scratch\CyberDenoiserPro\Source\PluginEditor.cpp(205,18): warning C4244: 'argument': conversion from 'int' to 'float', possible loss of data [C:\Users\dan\.gemini\antigravity\scratch\CyberDenoiserPro\build\CyberDenoiserPro.vcxproj]
C:\Users\dan\.gemini\antigravity\scratch\CyberDenoiserPro\Source\PluginEditor.cpp(209,46): warning C4244: 'argument': conversion from 'int' to 'float', possible loss of data [C:\Users\dan\.gemini\antigravity\scratch\CyberDenoiserPro\build\CyberDenoiserPro.vcxproj]
C:\Users\dan\.gemini\antigravity\scratch\CyberDenoiserPro\Source\PluginEditor.cpp(212,86): warning C4244: 'argument': conversion from 'float' to 'int', possible loss of data [C:\Users\dan\.gemini\antigravity\scratch\CyberDenoiserPro\build\CyberDenoiserPro.vcxproj]
C:\Users\dan\.gemini\antigravity\scratch\CyberDenoiserPro\Source\PluginEditor.cpp(212,79): warning C4244: 'argument': conversion from 'float' to 'int', possible loss of data [C:\Users\dan\.gemini\antigravity\scratch\CyberDenoiserPro\build\CyberDenoiserPro.vcxproj]
C:\Users\dan\.gemini\antigravity\scratch\CyberDenoiserPro\Source\PluginEditor.cpp(212,70): warning C4244: 'argument': conversion from 'float' to 'int', possible loss of data [C:\Users\dan\.gemini\antigravity\scratch\CyberDenoiserPro\build\CyberDenoiserPro.vcxproj]
C:\Users\dan\.gemini\antigravity\scratch\CyberDenoiserPro\Source\PluginEditor.cpp(212,55): warning C4244: 'argument': conversion from 'float' to 'int', possible loss of data [C:\Users\dan\.gemini\antigravity\scratch\CyberDenoiserPro\build\CyberDenoiserPro.vcxproj]
C:\Users\dan\.gemini\antigravity\scratch\CyberDenoiserPro\Source\PluginProcessor.cpp(61,56): warning C4100: 'index': unreferenced parameter [C:\Users\dan\.gemini\antigravity\scratch\CyberDenoiserPro\build\CyberDenoiserPro.vcxproj]
C:\Users\dan\.gemini\antigravity\scratch\CyberDenoiserPro\Source\PluginProcessor.cpp(62,67): warning C4100: 'index': unreferenced parameter [C:\Users\dan\.gemini\antigravity\scratch\CyberDenoiserPro\build\CyberDenoiserPro.vcxproj]
C:\Users\dan\.gemini\antigravity\scratch\CyberDenoiserPro\Source\PluginEditor.cpp(218,15): warning C4244: 'argument': conversion from 'int' to 'float', possible loss of data [C:\Users\dan\.gemini\antigravity\scratch\CyberDenoiserPro\build\CyberDenoiserPro.vcxproj]
C:\Users\dan\.gemini\antigravity\scratch\CyberDenoiserPro\Source\PluginProcessor.cpp(63,83): warning C4100: 'newName': unreferenced parameter [C:\Users\dan\.gemini\antigravity\scratch\CyberDenoiserPro\build\CyberDenoiserPro.vcxproj]
C:\Users\dan\.gemini\antigravity\scratch\CyberDenoiserPro\Source\PluginProcessor.cpp(63,56): warning C4100: 'index': unreferenced parameter [C:\Users\dan\.gemini\antigravity\scratch\CyberDenoiserPro\build\CyberDenoiserPro.vcxproj]
C:\Users\dan\.gemini\antigravity\scratch\CyberDenoiserPro\Source\PluginEditor.cpp(219,22): warning C4244: 'argument': conversion from 'int' to 'float', possible loss of data [C:\Users\dan\.gemini\antigravity\scratch\CyberDenoiserPro\build\CyberDenoiserPro.vcxproj]
C:\Users\dan\.gemini\antigravity\scratch\CyberDenoiserPro\Source\PluginEditor.cpp(220,22): warning C4244: 'argument': conversion from 'int' to 'float', possible loss of data [C:\Users\dan\.gemini\antigravity\scratch\CyberDenoiserPro\build\CyberDenoiserPro.vcxproj]
C:\Users\dan\.gemini\antigravity\scratch\CyberDenoiserPro\Source\PluginProcessor.cpp(65,71): warning C4100: 'samplesPerBlock': unreferenced parameter [C:\Users\dan\.gemini\antigravity\scratch\CyberDenoiserPro\build\CyberDenoiserPro.vcxproj]
C:\Users\dan\.gemini\antigravity\scratch\CyberDenoiserPro\Source\PluginProcessor.cpp(65,55): warning C4100: 'sampleRate': unreferenced parameter [C:\Users\dan\.gemini\antigravity\scratch\CyberDenoiserPro\build\CyberDenoiserPro.vcxproj]
C:\Users\dan\.gemini\antigravity\scratch\CyberDenoiserPro\Source\PluginEditor.cpp(232,49): warning C4244: 'argument': conversion from 'float' to 'int', possible loss of data [C:\Users\dan\.gemini\antigravity\scratch\CyberDenoiserPro\build\CyberDenoiserPro.vcxproj]
C:\Users\dan\.gemini\antigravity\scratch\CyberDenoiserPro\Source\PluginEditor.cpp(232,25): warning C4244: 'argument': conversion from 'float' to 'int', possible loss of data [C:\Users\dan\.gemini\antigravity\scratch\CyberDenoiserPro\build\CyberDenoiserPro.vcxproj]
C:\Users\dan\.gemini\antigravity\scratch\CyberDenoiserPro\Source\PluginEditor.cpp(235,42): warning C4244: 'argument': conversion from 'float' to 'int', possible loss of data [C:\Users\dan\.gemini\antigravity\scratch\CyberDenoiserPro\build\CyberDenoiserPro.vcxproj]
C:\Users\dan\.gemini\antigravity\scratch\CyberDenoiserPro\Source\PluginEditor.cpp(235,33): warning C4244: 'argument': conversion from 'float' to 'int', possible loss of data [C:\Users\dan\.gemini\antigravity\scratch\CyberDenoiserPro\build\CyberDenoiserPro.vcxproj]
C:\Users\dan\.gemini\antigravity\scratch\CyberDenoiserPro\Source\PluginEditor.cpp(244,15): warning C4244: 'argument': conversion from 'int' to 'float', possible loss of data [C:\Users\dan\.gemini\antigravity\scratch\CyberDenoiserPro\build\CyberDenoiserPro.vcxproj]
C:\Users\dan\.gemini\antigravity\scratch\CyberDenoiserPro\Source\PluginEditor.cpp(245,21): warning C4244: 'argument': conversion from 'int' to 'float', possible loss of data [C:\Users\dan\.gemini\antigravity\scratch\CyberDenoiserPro\build\CyberDenoiserPro.vcxproj]
C:\Users\dan\.gemini\antigravity\scratch\CyberDenoiserPro\Source\PluginEditor.cpp(246,21): warning C4244: 'argument': conversion from 'int' to 'float', possible loss of data [C:\Users\dan\.gemini\antigravity\scratch\CyberDenoiserPro\build\CyberDenoiserPro.vcxproj]
C:\Users\dan\.gemini\antigravity\scratch\CyberDenoiserPro\Source\PluginEditor.cpp(247,21): warning C4244: 'argument': conversion from 'int' to 'float', possible loss of data [C:\Users\dan\.gemini\antigravity\scratch\CyberDenoiserPro\build\CyberDenoiserPro.vcxproj]
C:\Users\dan\.gemini\antigravity\scratch\CyberDenoiserPro\Source\PluginEditor.cpp(248,21): warning C4244: 'argument': conversion from 'int' to 'float', possible loss of data [C:\Users\dan\.gemini\antigravity\scratch\CyberDenoiserPro\build\CyberDenoiserPro.vcxproj]
C:\Users\dan\.gemini\antigravity\scratch\CyberDenoiserPro\Source\PluginProcessor.cpp(222,31): warning C4244: 'initializing': conversion from 'double' to 'float', possible loss of data [C:\Users\dan\.gemini\antigravity\scratch\CyberDenoiserPro\build\CyberDenoiserPro.vcxproj]
C:\Users\dan\.gemini\antigravity\scratch\CyberDenoiserPro\Source\PluginProcessor.cpp(114,99): warning C4100: 'midiMessages': unreferenced parameter [C:\Users\dan\.gemini\antigravity\scratch\CyberDenoiserPro\build\CyberDenoiserPro.vcxproj]
  CyberDenoiserPro.vcxproj -> C:\Users\dan\.gemini\antigravity\scratch\CyberDenoiserPro\build\CyberDenoiserPro_artefacts\Release\Cyber-Denoiser PRO_SharedCode.lib
  Building Custom Rule C:/Users/dan/.gemini/antigravity/scratch/CyberDenoiserPro/CMakeLists.txt
  juce_vst3_helper.vcxproj -> C:\Users\dan\.gemini\antigravity\scratch\CyberDenoiserPro\build\Release\juce_vst3_helper.exe
  Building Custom Rule C:/Users/dan/.gemini/antigravity/scratch/CyberDenoiserPro/CMakeLists.txt
  juce_audio_plugin_client_AAX.cpp
  juce_audio_plugin_client_AAX_utils.cpp
  juce_audio_plugin_client_ARA.cpp
  juce_audio_plugin_client_LV2.cpp
  juce_audio_plugin_client_Standalone.cpp
  juce_audio_plugin_client_Unity.cpp
  juce_audio_plugin_client_VST2.cpp
  juce_audio_plugin_client_VST3.cpp
     Creating library C:/Users/dan/.gemini/antigravity/scratch/CyberDenoiserPro/build/CyberDenoiserPro_artefacts/Release/VST3/Cyber-Denoiser PRO.lib and object C:/Users/dan/.gemini/antigravity/scratch/CyberDenoiserPro/build/CyberDenoiserPro_artefacts/Release/VST3/Cyber-Denoiser PRO.exp
  Generating code
  Finished generating code
  CyberDenoiserPro_VST3.vcxproj -> C:\Users\dan\.gemini\antigravity\scratch\CyberDenoiserPro\build\CyberDenoiserPro_artefacts\Release\VST3\Cyber-Denoiser PRO.vst3\Contents\x86_64-win\Cyber-Denoiser PRO.vst3
  removing moduleinfo.json
  -- Installing: C:\Program Files\Common Files/VST3/Cyber-Denoiser PRO.vst3
  -- Installing: C:\Program Files\Common Files/VST3/Cyber-Denoiser PRO.vst3/Contents
  -- Installing: C:\Program Files\Common Files/VST3/Cyber-Denoiser PRO.vst3/Contents/Resources
  -- Installing: C:\Program Files\Common Files/VST3/Cyber-Denoiser PRO.vst3/Contents/Resources/moduleinfo.json
  -- Installing: C:\Program Files\Common Files/VST3/Cyber-Denoiser PRO.vst3/Contents/x86_64-win
  -- Installing: C:\Program Files\Common Files/VST3/Cyber-Denoiser PRO.vst3/Contents/x86_64-win/Cyber-Denoiser PRO.vst3
  Building Custom Rule C:/Users/dan/.gemini/antigravity/scratch/CyberDenoiserPro/CMakeLists.txt
  juce_audio_plugin_client_AAX.cpp
  juce_audio_plugin_client_AAX_utils.cpp
  juce_audio_plugin_client_ARA.cpp
  juce_audio_plugin_client_LV2.cpp
  juce_audio_plugin_client_Standalone.cpp
  juce_audio_plugin_client_Unity.cpp
  juce_audio_plugin_client_VST2.cpp
  juce_audio_plugin_client_VST3.cpp
  Generating code
  Finished generating code
  CyberDenoiserPro_Standalone.vcxproj -> C:\Users\dan\.gemini\antigravity\scratch\CyberDenoiserPro\build\CyberDenoiserPro_artefacts\Release\Standalone\Cyber-Denoiser PRO.exe
  Building Custom Rule C:/Users/dan/.gemini/antigravity/scratch/CyberDenoiserPro/CMakeLists.txt

===================================================
BUILD SUCCESSFUL!
===================================================
Your native 64-bit VST3 plugin is ready. You can find it here:
C:\Users\dan\.gemini\antigravity\scratch\CyberDenoiserPro\build\CyberDenoiserPro_artefacts\Release\VST3\CyberDenoiserPro.vst3

